../Middlewares/ST/ST67W6X_Network_Driver/Driver/W61_bus/spi_iface.c:154:20:spi_buffer_set_traffic_type	16	static
../Middlewares/ST/ST67W6X_Network_Driver/Driver/W61_bus/spi_iface.c:159:23:spi_buffer_get_traffic_type	16	static
../Middlewares/ST/ST67W6X_Network_Driver/Driver/W61_bus/spi_iface.c:165:21:spi_buffer_push	40	static
../Middlewares/ST/ST67W6X_Network_Driver/Driver/W61_bus/spi_iface.c:194:21:spi_buffer_pull	40	static
../Middlewares/ST/ST67W6X_Network_Driver/Driver/W61_bus/spi_iface.c:222:20:spi_buffer_alloc	40	static
../Middlewares/ST/ST67W6X_Network_Driver/Driver/W61_bus/spi_iface.c:253:20:spi_tx_buffer_alloc	16	static
../Middlewares/ST/ST67W6X_Network_Driver/Driver/W61_bus/spi_iface.c:258:6:spi_buffer_free	16	static
../Middlewares/ST/ST67W6X_Network_Driver/Driver/W61_bus/spi_iface.c:267:27:spi_get_txbuf	48	static
../Middlewares/ST/ST67W6X_Network_Driver/Driver/W61_bus/spi_iface.c:293:23:spi_header_validate	16	static
../Middlewares/ST/ST67W6X_Network_Driver/Driver/W61_bus/spi_iface.c:309:16:spi_wait_event	48	static
../Middlewares/ST/ST67W6X_Network_Driver/Driver/W61_bus/spi_iface.c:333:23:spi_clear_event	16	static
../Middlewares/ST/ST67W6X_Network_Driver/Driver/W61_bus/spi_iface.c:339:16:spi_txrx	56	static
../Middlewares/ST/ST67W6X_Network_Driver/Driver/W61_bus/spi_iface.c:384:16:spi_rx	56	static
../Middlewares/ST/ST67W6X_Network_Driver/Driver/W61_bus/spi_iface.c:429:16:spi_xfer_one	176	static
../Middlewares/ST/ST67W6X_Network_Driver/Driver/W61_bus/spi_iface.c:649:16:spi_do_xfer	32	static
../Middlewares/ST/ST67W6X_Network_Driver/Driver/W61_bus/spi_iface.c:699:13:spi_xfer_engine_task	32	static
../Middlewares/ST/ST67W6X_Network_Driver/Driver/W61_bus/spi_iface.c:723:9:spi_transaction_init	24	static
../Middlewares/ST/ST67W6X_Network_Driver/Driver/W61_bus/spi_iface.c:791:9:spi_transaction_deinit	16	static
../Middlewares/ST/ST67W6X_Network_Driver/Driver/W61_bus/spi_iface.c:836:9:spi_read	40	static
../Middlewares/ST/ST67W6X_Network_Driver/Driver/W61_bus/spi_iface.c:964:9:spi_write	40	static
../Middlewares/ST/ST67W6X_Network_Driver/Driver/W61_bus/spi_iface.c:1094:9:spi_bind	24	static
../Middlewares/ST/ST67W6X_Network_Driver/Driver/W61_bus/spi_iface.c:1135:9:spi_get_stats	16	static
../Middlewares/ST/ST67W6X_Network_Driver/Driver/W61_bus/spi_iface.c:1146:9:spi_rxd_callback_register	24	static
../Middlewares/ST/ST67W6X_Network_Driver/Driver/W61_bus/spi_iface.c:1157:9:spi_on_txn_data_ready	24	static,ignoring_inline_asm
../Middlewares/ST/ST67W6X_Network_Driver/Driver/W61_bus/spi_iface.c:1176:9:spi_on_header_ack	24	static,ignoring_inline_asm
../Middlewares/ST/ST67W6X_Network_Driver/Driver/W61_bus/spi_iface.c:1195:13:spi_on_transaction_complete	24	static,ignoring_inline_asm
../Middlewares/ST/ST67W6X_Network_Driver/Driver/W61_bus/spi_iface.c:1224:13:num2string64	40	static
../Middlewares/ST/ST67W6X_Network_Driver/Driver/W61_bus/spi_iface.c:1257:13:spi_show_stat	40	static
../Middlewares/ST/ST67W6X_Network_Driver/Driver/W61_bus/spi_iface.c:1287:6:spi_dump	88	static
