../Core/Src/adBms_Application.c:48:7:map	32	static
../Core/Src/adBms_Application.c:59:7:lookUpTable	168	static
../Core/Src/adBms_Application.c:80:9:getIntFromVoltage	24	static
../Core/Src/adBms_Application.c:90:7:getVoltage	24	static
../Core/Src/adBms_Application.c:100:6:adBms6830_init_config	48	static
../Core/Src/adBms_Application.c:131:6:adbms6830_safe_write	64	static
../Core/Src/adBms_Application.c:210:6:adBms6830_write_pwm	40	static
../Core/Src/adBms_Application.c:241:6:adBms6830_write_read_config	24	static
../Core/Src/adBms_Application.c:254:6:adBms6830_read_config	24	static
../Core/Src/adBms_Application.c:265:6:adBms6830_update_configb	40	static
../Core/Src/adBms_Application.c:283:6:adBms6830_read_cell_voltages	24	static
../Core/Src/adBms_Application.c:301:6:adBms6830_read_s_voltages	24	static
../Core/Src/adBms_Application.c:318:6:adBms6830_start_avgcell_voltage_measurment	24	static
../Core/Src/adBms_Application.c:335:6:adBms6830_read_avgcell_voltages	24	static
../Core/Src/adBms_Application.c:353:6:adBms6830_read_fcell_voltages	24	static
../Core/Src/adBms_Application.c:375:6:adBms6830_read_aux_voltages	24	static
../Core/Src/adBms_Application.c:389:6:adBms6830_read_raux_voltages	24	static
../Core/Src/adBms_Application.c:404:6:adBms6830_read_status_registers	24	static
../Core/Src/adBms_Application.c:428:6:adBms6830_mute	16	static
../Core/Src/adBms_Application.c:438:6:adBms6830_unmute	16	static
../Core/Src/adBms_Application.c:447:6:adBms6830_snap	16	static
../Core/Src/adBms_Application.c:458:6:adBms6830_unsnap	16	static
../Core/Src/adBms_Application.c:468:6:adBms6830_clear_flags	32	static
../Core/Src/adBms_Application.c:492:6:adBms6830_clear_cell_measurement	16	static
../Core/Src/adBms_Application.c:507:6:adBms6830_clear_aux_measurement	16	static
../Core/Src/adBms_Application.c:523:6:adBms6830_clear_spin_measurement	16	static
../Core/Src/adBms_Application.c:539:6:adBms6830_clear_fcell_measurement	16	static
../Core/Src/adBms_Application.c:550:6:setPin	16	static
../Core/Src/adBms_Application.c:554:6:resetPin	16	static
../Core/Src/adBms_Application.c:558:15:readPin	16	static
