../Core/Src/devices.c:28:6:checkErrors	192	static
../Core/Src/devices.c:206:9:calcCheckSum	24	static
../Core/Src/devices.c:217:9:checkCheckSum	24	static
../Core/Src/devices.c:231:19:VicorInit	16	static
../Core/Src/devices.c:258:19:readVicorData	40	static
../Core/Src/devices.c:291:19:updateVicorData	16	static
../Core/Src/devices.c:306:6:writeVicorPage	32	static
../Core/Src/devices.c:310:6:clearVicorFaults	32	static
../Core/Src/devices.c:356:19:IVTInit	24	static
../Core/Src/devices.c:396:6:IVTChangeMode	16	static
../Core/Src/devices.c:422:6:IVTStoreSettings	16	static
../Core/Src/devices.c:449:6:IVTMeasurementConfig	16	static
../Core/Src/devices.c:479:6:IVTRestartToDefaults	16	static
../Core/Src/devices.c:514:6:IVTRestartToBitrate	16	static
../Core/Src/devices.c:548:19:ChargerInit	16	static
../Core/Src/devices.c:588:19:BMSInit	80	static
../Core/Src/devices.c:694:19:ACUInit	32	static
../Core/Src/devices.c:782:7:callibrateBMSVoltage	16	static
../Core/Src/devices.c:787:7:thermistorCalculate	32	static
../Core/Src/devices.c:808:7:calculateSoC	64	static
