../Core/Src/freertos.c:97:13:configureTimerForRunTimeStats	4	static
../Core/Src/freertos.c:102:22:getRunTimeCounterValue	4	static
../Core/Src/freertos.c:109:13:vApplicationIdleHook	4	static
../Core/Src/freertos.c:124:13:vApplicationStackOverflowHook	16	static
../Core/Src/freertos.c:133:13:vApplicationMallocFailedHook	4	static
../Core/Src/freertos.c:152:6:vApplicationGetIdleTaskMemory	24	static
../Core/Src/freertos.c:165:6:vApplicationGetTimerTaskMemory	24	static
../Core/Src/freertos.c:179:6:MX_FREERTOS_Init	224	static
../Core/Src/freertos.c:250:6:ChipCommTask	24	static
../Core/Src/freertos.c:337:6:CellBalancingTask	32	static
../Core/Src/freertos.c:465:6:UserInterfaceTask	40	static
../Core/Src/freertos.c:550:6:ChargingTask	280	static
../Core/Src/freertos.c:638:6:MiscelaneousTask	24	static
../Core/Src/freertos.c:807:6:changeLine	16	static
../Core/Src/freertos.c:820:6:writeStrField	16	static
../Core/Src/freertos.c:828:6:writeIntField	16	static
../Core/Src/freertos.c:836:6:writeFloatField	16	static
../Core/Src/freertos.c:849:6:SDCardInit	64	static
../Core/Src/freertos.c:931:6:SoC_Init	16	static
../Core/Src/freertos.c:952:6:SDCardCommTask	104	static
../Core/Src/freertos.c:1169:6:wifiTaskFunction	16	static
