../Core/Src/tim.c:36:6:MX_TIM2_Init	56	static
../Core/Src/tim.c:95:6:MX_TIM5_Init	40	static
../Core/Src/tim.c:135:6:MX_TIM7_Init	24	static
../Core/Src/tim.c:168:6:MX_TIM12_Init	40	static
../Core/Src/tim.c:208:6:MX_TIM13_Init	8	static
../Core/Src/tim.c:234:6:MX_TIM15_Init	40	static
../Core/Src/tim.c:275:6:HAL_TIM_IC_MspInit	48	static
../Core/Src/tim.c:307:6:HAL_TIM_Base_MspInit	40	static
../Core/Src/tim.c:387:6:HAL_TIM_IC_MspDeInit	16	static
../Core/Src/tim.c:411:6:HAL_TIM_Base_MspDeInit	16	static
../Core/Src/tim.c:488:6:HAL_TIM_IC_CaptureCallback	16	static
