../Middlewares/ST/ST67W6X_Network_Driver/Core/w6x_mqtt.c:78:14:W6X_MQTT_Init	32	static
../Middlewares/ST/ST67W6X_Network_Driver/Core/w6x_mqtt.c:106:6:W6X_MQTT_DeInit	8	static
../Middlewares/ST/ST67W6X_Network_Driver/Core/w6x_mqtt.c:117:14:W6X_MQTT_SetRecvDataPtr	16	static
../Middlewares/ST/ST67W6X_Network_Driver/Core/w6x_mqtt.c:127:14:W6X_MQTT_Configure	56	static
../Middlewares/ST/ST67W6X_Network_Driver/Core/w6x_mqtt.c:229:14:W6X_MQTT_Connect	24	static
../Middlewares/ST/ST67W6X_Network_Driver/Core/w6x_mqtt.c:251:14:W6X_MQTT_GetConnectionStatus	56	static
../Middlewares/ST/ST67W6X_Network_Driver/Core/w6x_mqtt.c:275:14:W6X_MQTT_Disconnect	104	static
../Middlewares/ST/ST67W6X_Network_Driver/Core/w6x_mqtt.c:303:14:W6X_MQTT_Subscribe	16	static
../Middlewares/ST/ST67W6X_Network_Driver/Core/w6x_mqtt.c:311:14:W6X_MQTT_GetSubscribedTopics	8	static
../Middlewares/ST/ST67W6X_Network_Driver/Core/w6x_mqtt.c:319:14:W6X_MQTT_Unsubscribe	16	static
../Middlewares/ST/ST67W6X_Network_Driver/Core/w6x_mqtt.c:327:14:W6X_MQTT_Publish	32	static
../Middlewares/ST/ST67W6X_Network_Driver/Core/w6x_mqtt.c:335:13:W6X_MQTT_StateToStr	16	static
../Middlewares/ST/ST67W6X_Network_Driver/Core/w6x_mqtt.c:360:13:W6X_MQTT_cb	24	static
