../Middlewares/ST/ST67W6X_Network_Driver/Core/w6x_sys.c:85:14:W6X_Init	24	static
../Middlewares/ST/ST67W6X_Network_Driver/Core/w6x_sys.c:196:6:W6X_DeInit	8	static
../Middlewares/ST/ST67W6X_Network_Driver/Core/w6x_sys.c:219:14:W6X_ModuleInfoDisplay	4	static
../Middlewares/ST/ST67W6X_Network_Driver/Core/w6x_sys.c:293:15:W6X_GetCbHandler	4	static
../Middlewares/ST/ST67W6X_Network_Driver/Core/w6x_sys.c:299:19:W6X_GetModuleInfo	4	static
../Middlewares/ST/ST67W6X_Network_Driver/Core/w6x_sys.c:305:14:W6X_RegisterAppCb	24	static
../Middlewares/ST/ST67W6X_Network_Driver/Core/w6x_sys.c:315:14:W6X_FS_WriteFileByName	16	static
../Middlewares/ST/ST67W6X_Network_Driver/Core/w6x_sys.c:321:14:W6X_FS_WriteFileByContent	72	static
../Middlewares/ST/ST67W6X_Network_Driver/Core/w6x_sys.c:533:14:W6X_FS_ReadFile	32	static
../Middlewares/ST/ST67W6X_Network_Driver/Core/w6x_sys.c:541:14:W6X_FS_DeleteFile	16	static
../Middlewares/ST/ST67W6X_Network_Driver/Core/w6x_sys.c:549:14:W6X_FS_GetSizeFile	16	static
../Middlewares/ST/ST67W6X_Network_Driver/Core/w6x_sys.c:557:14:W6X_FS_ListFiles	24	static
../Middlewares/ST/ST67W6X_Network_Driver/Core/w6x_sys.c:593:14:W6X_SetPowerMode	16	static
../Middlewares/ST/ST67W6X_Network_Driver/Core/w6x_sys.c:601:14:W6X_GetPowerMode	24	static
../Middlewares/ST/ST67W6X_Network_Driver/Core/w6x_sys.c:614:14:W6X_Reset	32	static
../Middlewares/ST/ST67W6X_Network_Driver/Core/w6x_sys.c:721:14:W6X_ExeATCommand	16	static
../Middlewares/ST/ST67W6X_Network_Driver/Core/w6x_sys.c:726:13:W6X_StatusToStr	16	static
../Middlewares/ST/ST67W6X_Network_Driver/Core/w6x_sys.c:745:13:W6X_ModelToStr	16	static
../Middlewares/ST/ST67W6X_Network_Driver/Core/w6x_sys.c:768:14:TranslateErrorStatus_W61_W6X	24	static
