../Middlewares/ST/ST67W6X_Network_Driver/Core/w6x_ble.c:98:14:W6X_Ble_GetInitMode	16	static
../Middlewares/ST/ST67W6X_Network_Driver/Core/w6x_ble.c:106:14:W6X_Ble_Init	56	static
../Middlewares/ST/ST67W6X_Network_Driver/Core/w6x_ble.c:185:6:W6X_Ble_DeInit	8	static
../Middlewares/ST/ST67W6X_Network_Driver/Core/w6x_ble.c:195:14:W6X_Ble_SetRecvDataPtr	16	static
../Middlewares/ST/ST67W6X_Network_Driver/Core/w6x_ble.c:203:14:W6X_Ble_SetTxPower	16	static
../Middlewares/ST/ST67W6X_Network_Driver/Core/w6x_ble.c:211:14:W6X_Ble_GetTxPower	16	static
../Middlewares/ST/ST67W6X_Network_Driver/Core/w6x_ble.c:219:14:W6X_Ble_AdvStart	8	static
../Middlewares/ST/ST67W6X_Network_Driver/Core/w6x_ble.c:227:14:W6X_Ble_AdvStop	8	static
../Middlewares/ST/ST67W6X_Network_Driver/Core/w6x_ble.c:235:14:W6X_Ble_GetBDAddress	16	static
../Middlewares/ST/ST67W6X_Network_Driver/Core/w6x_ble.c:243:14:W6X_Ble_Disconnect	16	static
../Middlewares/ST/ST67W6X_Network_Driver/Core/w6x_ble.c:251:14:W6X_Ble_ExchangeMTU	16	static
../Middlewares/ST/ST67W6X_Network_Driver/Core/w6x_ble.c:259:14:W6X_Ble_SetBdAddress	16	static
../Middlewares/ST/ST67W6X_Network_Driver/Core/w6x_ble.c:267:14:W6X_Ble_SetDeviceName	16	static
../Middlewares/ST/ST67W6X_Network_Driver/Core/w6x_ble.c:275:14:W6X_Ble_GetDeviceName	16	static
../Middlewares/ST/ST67W6X_Network_Driver/Core/w6x_ble.c:283:14:W6X_Ble_SetAdvData	16	static
../Middlewares/ST/ST67W6X_Network_Driver/Core/w6x_ble.c:291:14:W6X_Ble_SetScanRespData	16	static
../Middlewares/ST/ST67W6X_Network_Driver/Core/w6x_ble.c:299:14:W6X_Ble_SetAdvParam	32	static
../Middlewares/ST/ST67W6X_Network_Driver/Core/w6x_ble.c:309:14:W6X_Ble_GetAdvParam	48	static
../Middlewares/ST/ST67W6X_Network_Driver/Core/w6x_ble.c:329:14:W6X_Ble_SetConnParam	40	static
../Middlewares/ST/ST67W6X_Network_Driver/Core/w6x_ble.c:359:14:W6X_Ble_GetConnParam	40	static
../Middlewares/ST/ST67W6X_Network_Driver/Core/w6x_ble.c:369:14:W6X_Ble_GetConn	16	static
../Middlewares/ST/ST67W6X_Network_Driver/Core/w6x_ble.c:377:14:W6X_Ble_Connect	16	static
../Middlewares/ST/ST67W6X_Network_Driver/Core/w6x_ble.c:385:14:W6X_Ble_StartScan	16	static
../Middlewares/ST/ST67W6X_Network_Driver/Core/w6x_ble.c:397:6:W6X_Ble_Print_Scan	24	static
../Middlewares/ST/ST67W6X_Network_Driver/Core/w6x_ble.c:416:14:W6X_Ble_StopScan	8	static
../Middlewares/ST/ST67W6X_Network_Driver/Core/w6x_ble.c:424:14:W6X_Ble_SetScanParam	32	static
../Middlewares/ST/ST67W6X_Network_Driver/Core/w6x_ble.c:434:14:W6X_Ble_GetScanParam	56	static
../Middlewares/ST/ST67W6X_Network_Driver/Core/w6x_ble.c:456:14:W6X_Ble_SetDataLength	24	static
../Middlewares/ST/ST67W6X_Network_Driver/Core/w6x_ble.c:465:14:W6X_Ble_CreateService	16	static
../Middlewares/ST/ST67W6X_Network_Driver/Core/w6x_ble.c:479:14:W6X_Ble_DeleteService	16	static
../Middlewares/ST/ST67W6X_Network_Driver/Core/w6x_ble.c:487:14:W6X_Ble_CreateCharacteristic	32	static
../Middlewares/ST/ST67W6X_Network_Driver/Core/w6x_ble.c:503:14:W6X_Ble_GetServicesAndCharacteristics	32	static
../Middlewares/ST/ST67W6X_Network_Driver/Core/w6x_ble.c:542:14:W6X_Ble_RegisterCharacteristics	8	static
../Middlewares/ST/ST67W6X_Network_Driver/Core/w6x_ble.c:550:14:W6X_Ble_ServerSendNotification	40	static
../Middlewares/ST/ST67W6X_Network_Driver/Core/w6x_ble.c:560:14:W6X_Ble_ServerSendIndication	40	static
../Middlewares/ST/ST67W6X_Network_Driver/Core/w6x_ble.c:570:14:W6X_Ble_ServerSetReadData	40	static
../Middlewares/ST/ST67W6X_Network_Driver/Core/w6x_ble.c:581:14:W6X_Ble_RemoteServiceDiscovery	16	static
../Middlewares/ST/ST67W6X_Network_Driver/Core/w6x_ble.c:589:14:W6X_Ble_RemoteCharDiscovery	16	static
../Middlewares/ST/ST67W6X_Network_Driver/Core/w6x_ble.c:597:14:W6X_Ble_ClientWriteData	40	static
../Middlewares/ST/ST67W6X_Network_Driver/Core/w6x_ble.c:607:14:W6X_Ble_ClientReadData	16	static
../Middlewares/ST/ST67W6X_Network_Driver/Core/w6x_ble.c:615:14:W6X_Ble_ClientSubscribeChar	16	static
../Middlewares/ST/ST67W6X_Network_Driver/Core/w6x_ble.c:623:14:W6X_Ble_ClientUnsubscribeChar	16	static
../Middlewares/ST/ST67W6X_Network_Driver/Core/w6x_ble.c:632:14:W6X_Ble_SetSecurityParam	16	static
../Middlewares/ST/ST67W6X_Network_Driver/Core/w6x_ble.c:640:14:W6X_Ble_GetSecurityParam	24	static
../Middlewares/ST/ST67W6X_Network_Driver/Core/w6x_ble.c:655:14:W6X_Ble_SecurityStart	16	static
../Middlewares/ST/ST67W6X_Network_Driver/Core/w6x_ble.c:663:14:W6X_Ble_SecurityPassKeyConfirm	16	static
../Middlewares/ST/ST67W6X_Network_Driver/Core/w6x_ble.c:671:14:W6X_Ble_SecurityPairingConfirm	16	static
../Middlewares/ST/ST67W6X_Network_Driver/Core/w6x_ble.c:679:14:W6X_Ble_SecuritySetPassKey	16	static
../Middlewares/ST/ST67W6X_Network_Driver/Core/w6x_ble.c:687:14:W6X_Ble_SecurityPairingCancel	16	static
../Middlewares/ST/ST67W6X_Network_Driver/Core/w6x_ble.c:695:14:W6X_Ble_SecurityUnpair	16	static
../Middlewares/ST/ST67W6X_Network_Driver/Core/w6x_ble.c:703:14:W6X_Ble_SecurityGetBondedDeviceList	16	static
../Middlewares/ST/ST67W6X_Network_Driver/Core/w6x_ble.c:717:13:W6X_Ble_cb	24	static
../Middlewares/ST/ST67W6X_Network_Driver/Core/w6x_ble.c:851:13:W6X_Ble_PrintServicesAndCharacteristics	24	static
