../Middlewares/ST/ST67W6X_Network_Driver/Core/w6x_wifi.c:213:14:W6X_WiFi_Init	48	static
../Middlewares/ST/ST67W6X_Network_Driver/Core/w6x_wifi.c:313:6:W6X_WiFi_DeInit	8	static
../Middlewares/ST/ST67W6X_Network_Driver/Core/w6x_wifi.c:333:14:W6X_WiFi_Scan	24	static
../Middlewares/ST/ST67W6X_Network_Driver/Core/w6x_wifi.c:364:6:W6X_WiFi_PrintScan	24	static
../Middlewares/ST/ST67W6X_Network_Driver/Core/w6x_wifi.c:396:14:W6X_WiFi_Connect	48	static
../Middlewares/ST/ST67W6X_Network_Driver/Core/w6x_wifi.c:517:14:W6X_WiFi_Disconnect	40	static
../Middlewares/ST/ST67W6X_Network_Driver/Core/w6x_wifi.c:557:14:W6X_WiFi_GetAutoConnect	24	static
../Middlewares/ST/ST67W6X_Network_Driver/Core/w6x_wifi.c:571:14:W6X_WiFi_GetCountryCode	16	static
../Middlewares/ST/ST67W6X_Network_Driver/Core/w6x_wifi.c:579:14:W6X_WiFi_SetCountryCode	16	static
../Middlewares/ST/ST67W6X_Network_Driver/Core/w6x_wifi.c:590:14:W6X_WiFi_Station_Start	16	static
../Middlewares/ST/ST67W6X_Network_Driver/Core/w6x_wifi.c:612:14:W6X_WiFi_Station_GetState	24	static
../Middlewares/ST/ST67W6X_Network_Driver/Core/w6x_wifi.c:646:14:W6X_WiFi_Station_GetMACAddress	16	static
../Middlewares/ST/ST67W6X_Network_Driver/Core/w6x_wifi.c:658:14:W6X_WiFi_AP_Start	24	static
../Middlewares/ST/ST67W6X_Network_Driver/Core/w6x_wifi.c:688:14:W6X_WiFi_AP_Stop	64	static
../Middlewares/ST/ST67W6X_Network_Driver/Core/w6x_wifi.c:723:14:W6X_WiFi_AP_GetConfig	24	static
../Middlewares/ST/ST67W6X_Network_Driver/Core/w6x_wifi.c:738:14:W6X_WiFi_AP_ListConnectedStations	16	static
../Middlewares/ST/ST67W6X_Network_Driver/Core/w6x_wifi.c:746:14:W6X_WiFi_AP_DisconnectStation	40	static
../Middlewares/ST/ST67W6X_Network_Driver/Core/w6x_wifi.c:781:14:W6X_WiFi_AP_GetMACAddress	16	static
../Middlewares/ST/ST67W6X_Network_Driver/Core/w6x_wifi.c:792:14:W6X_WiFi_SetDTIM	32	static
../Middlewares/ST/ST67W6X_Network_Driver/Core/w6x_wifi.c:854:14:W6X_WiFi_GetDTIM	16	static
../Middlewares/ST/ST67W6X_Network_Driver/Core/w6x_wifi.c:864:14:W6X_WiFi_GetDTIM_AP	16	static
../Middlewares/ST/ST67W6X_Network_Driver/Core/w6x_wifi.c:872:14:W6X_WiFi_TWT_Setup	160	static
../Middlewares/ST/ST67W6X_Network_Driver/Core/w6x_wifi.c:910:14:W6X_WiFi_TWT_GetStatus	24	static
../Middlewares/ST/ST67W6X_Network_Driver/Core/w6x_wifi.c:931:14:W6X_WiFi_TWT_Teardown	152	static
../Middlewares/ST/ST67W6X_Network_Driver/Core/w6x_wifi.c:946:14:W6X_WiFi_GetAntennaDiversity	24	static
../Middlewares/ST/ST67W6X_Network_Driver/Core/w6x_wifi.c:967:14:W6X_WiFi_SetAntennaDiversity	24	static
../Middlewares/ST/ST67W6X_Network_Driver/Core/w6x_wifi.c:998:13:W6X_WiFi_StateToStr	16	static
../Middlewares/ST/ST67W6X_Network_Driver/Core/w6x_wifi.c:1009:13:W6X_WiFi_SecurityToStr	16	static
../Middlewares/ST/ST67W6X_Network_Driver/Core/w6x_wifi.c:1020:13:W6X_WiFi_ReasonToStr	16	static
../Middlewares/ST/ST67W6X_Network_Driver/Core/w6x_wifi.c:1031:13:W6X_WiFi_ProtocolToStr	16	static
../Middlewares/ST/ST67W6X_Network_Driver/Core/w6x_wifi.c:1042:13:W6X_WiFi_AntDivToStr	16	static
../Middlewares/ST/ST67W6X_Network_Driver/Core/w6x_wifi.c:1060:13:W6X_WiFi_Station_cb	24	static
../Middlewares/ST/ST67W6X_Network_Driver/Core/w6x_wifi.c:1172:13:W6X_WiFi_AP_cb	24	static
