../Middlewares/ST/ST67W6X_Network_Driver/Driver/W61_at/w61_at_wifi.c:104:14:W61_WiFi_Init	16	static
../Middlewares/ST/ST67W6X_Network_Driver/Driver/W61_at/w61_at_wifi.c:117:14:W61_WiFi_DeInit	16	static
../Middlewares/ST/ST67W6X_Network_Driver/Driver/W61_at/w61_at_wifi.c:134:14:W61_WiFi_SetAutoConnect	216	static
../Middlewares/ST/ST67W6X_Network_Driver/Driver/W61_at/w61_at_wifi.c:156:14:W61_WiFi_GetAutoConnect	336	static
../Middlewares/ST/ST67W6X_Network_Driver/Driver/W61_at/w61_at_wifi.c:181:14:W61_WiFi_Station_Start	16	static
../Middlewares/ST/ST67W6X_Network_Driver/Driver/W61_at/w61_at_wifi.c:188:14:W61_WiFi_SetScanOpts	272	static
../Middlewares/ST/ST67W6X_Network_Driver/Driver/W61_at/w61_at_wifi.c:243:14:W61_WiFi_Scan	312	static
../Middlewares/ST/ST67W6X_Network_Driver/Driver/W61_at/w61_at_wifi.c:283:14:W61_WiFi_SetReconnectionOpts	216	static
../Middlewares/ST/ST67W6X_Network_Driver/Driver/W61_at/w61_at_wifi.c:294:14:W61_WiFi_Connect	256	static
../Middlewares/ST/ST67W6X_Network_Driver/Driver/W61_at/w61_at_wifi.c:354:14:W61_WiFi_GetConnectInfo	336	static
../Middlewares/ST/ST67W6X_Network_Driver/Driver/W61_at/w61_at_wifi.c:391:14:W61_WiFi_Disconnect	208	static
../Middlewares/ST/ST67W6X_Network_Driver/Driver/W61_at/w61_at_wifi.c:400:14:W61_WiFi_Station_GetMACAddress	336	static
../Middlewares/ST/ST67W6X_Network_Driver/Driver/W61_at/w61_at_wifi.c:426:14:W61_WiFi_GetCountryCode	344	static
../Middlewares/ST/ST67W6X_Network_Driver/Driver/W61_at/w61_at_wifi.c:455:14:W61_WiFi_SetCountryCode	232	static
../Middlewares/ST/ST67W6X_Network_Driver/Driver/W61_at/w61_at_wifi.c:481:14:W61_WiFi_SetDualMode	216	static
../Middlewares/ST/ST67W6X_Network_Driver/Driver/W61_at/w61_at_wifi.c:505:14:W61_WiFi_AP_Start	256	static
../Middlewares/ST/ST67W6X_Network_Driver/Driver/W61_at/w61_at_wifi.c:600:14:W61_WiFi_AP_Stop	216	static
../Middlewares/ST/ST67W6X_Network_Driver/Driver/W61_at/w61_at_wifi.c:631:14:W61_WiFi_AP_GetConfig	336	static
../Middlewares/ST/ST67W6X_Network_Driver/Driver/W61_at/w61_at_wifi.c:671:14:W61_WiFi_AP_ListConnectedStations	72	static
../Middlewares/ST/ST67W6X_Network_Driver/Driver/W61_at/w61_at_wifi.c:702:14:W61_WiFi_AP_DisconnectStation	248	static
../Middlewares/ST/ST67W6X_Network_Driver/Driver/W61_at/w61_at_wifi.c:712:14:W61_WiFi_AP_GetMode	336	static
../Middlewares/ST/ST67W6X_Network_Driver/Driver/W61_at/w61_at_wifi.c:756:14:W61_WiFi_AP_SetMode	216	static
../Middlewares/ST/ST67W6X_Network_Driver/Driver/W61_at/w61_at_wifi.c:784:14:W61_WiFi_AP_GetMACAddress	336	static
../Middlewares/ST/ST67W6X_Network_Driver/Driver/W61_at/w61_at_wifi.c:810:14:W61_WiFi_SetDTIM	208	static
../Middlewares/ST/ST67W6X_Network_Driver/Driver/W61_at/w61_at_wifi.c:824:14:W61_WiFi_GetDTIM_AP	336	static
../Middlewares/ST/ST67W6X_Network_Driver/Driver/W61_at/w61_at_wifi.c:847:14:W61_WiFi_TWT_Setup	240	static
../Middlewares/ST/ST67W6X_Network_Driver/Driver/W61_at/w61_at_wifi.c:890:14:W61_WiFi_TWT_GetStatus	72	static
../Middlewares/ST/ST67W6X_Network_Driver/Driver/W61_at/w61_at_wifi.c:920:14:W61_WiFi_TWT_Teardown	208	static
../Middlewares/ST/ST67W6X_Network_Driver/Driver/W61_at/w61_at_wifi.c:936:14:W61_WiFi_TWT_IsSupported	336	static
../Middlewares/ST/ST67W6X_Network_Driver/Driver/W61_at/w61_at_wifi.c:960:14:W61_WiFi_SetAntennaEnable	232	static
../Middlewares/ST/ST67W6X_Network_Driver/Driver/W61_at/w61_at_wifi.c:982:14:W61_WiFi_GetAntennaEnable	344	static
../Middlewares/ST/ST67W6X_Network_Driver/Driver/W61_at/w61_at_wifi.c:1025:14:W61_WiFi_GetAntennaUsed	336	static
../Middlewares/ST/ST67W6X_Network_Driver/Driver/W61_at/w61_at_wifi.c:1049:1:on_cmd_ap_liststa	40	static
../Middlewares/ST/ST67W6X_Network_Driver/Driver/W61_at/w61_at_wifi.c:1064:1:on_cmd_twt_status	40	static
../Middlewares/ST/ST67W6X_Network_Driver/Driver/W61_at/w61_at_wifi.c:1093:13:W61_WiFi_AT_Event	48	static
../Middlewares/ST/ST67W6X_Network_Driver/Driver/W61_at/w61_at_wifi.c:1235:13:W61_WiFi_scan_result	40	static
