../Middlewares/ST/ST67W6X_Network_Driver/Driver/W61_at/modem_cmd_handler.h:403:23:modem_cmd_send	40	static
../Middlewares/ST/ST67W6X_Network_Driver/Driver/W61_at/w61_at_net.c:216:14:W61_Net_Init	32	static
../Middlewares/ST/ST67W6X_Network_Driver/Driver/W61_at/w61_at_net.c:245:14:W61_Net_DeInit	16	static
../Middlewares/ST/ST67W6X_Network_Driver/Driver/W61_at/w61_at_net.c:256:14:W61_Net_SetHostname	208	static
../Middlewares/ST/ST67W6X_Network_Driver/Driver/W61_at/w61_at_net.c:265:14:W61_Net_GetHostname	336	static
../Middlewares/ST/ST67W6X_Network_Driver/Driver/W61_at/w61_at_net.c:297:14:W61_Net_Station_SetIPAddress	320	static
../Middlewares/ST/ST67W6X_Network_Driver/Driver/W61_at/w61_at_net.c:353:14:W61_Net_Station_GetIPAddress	104	static
../Middlewares/ST/ST67W6X_Network_Driver/Driver/W61_at/w61_at_net.c:375:14:W61_Net_AP_SetIPAddress	304	static
../Middlewares/ST/ST67W6X_Network_Driver/Driver/W61_at/w61_at_net.c:413:14:W61_Net_AP_GetIPAddress	88	static
../Middlewares/ST/ST67W6X_Network_Driver/Driver/W61_at/w61_at_net.c:434:14:W61_Net_GetDhcpConfig	336	static
../Middlewares/ST/ST67W6X_Network_Driver/Driver/W61_at/w61_at_net.c:459:14:W61_Net_SetDhcpConfig	232	static
../Middlewares/ST/ST67W6X_Network_Driver/Driver/W61_at/w61_at_net.c:490:14:W61_Net_GetDhcpsConfig	352	static
../Middlewares/ST/ST67W6X_Network_Driver/Driver/W61_at/w61_at_net.c:520:14:W61_Net_SetDhcpsConfig	280	static
../Middlewares/ST/ST67W6X_Network_Driver/Driver/W61_at/w61_at_net.c:557:14:W61_Net_GetDnsAddress	336	static
../Middlewares/ST/ST67W6X_Network_Driver/Driver/W61_at/w61_at_net.c:586:14:W61_Net_SetDnsAddress	264	static
../Middlewares/ST/ST67W6X_Network_Driver/Driver/W61_at/w61_at_net.c:613:14:W61_Net_Ping	240	static
../Middlewares/ST/ST67W6X_Network_Driver/Driver/W61_at/w61_at_net.c:682:14:W61_Net_ResolveHostAddress	344	static
../Middlewares/ST/ST67W6X_Network_Driver/Driver/W61_at/w61_at_net.c:703:14:W61_Net_StartClientConnection	248	static
../Middlewares/ST/ST67W6X_Network_Driver/Driver/W61_at/w61_at_net.c:729:14:W61_Net_StopClientConnection	208	static
../Middlewares/ST/ST67W6X_Network_Driver/Driver/W61_at/w61_at_net.c:739:14:W61_Net_StartServer	240	static
../Middlewares/ST/ST67W6X_Network_Driver/Driver/W61_at/w61_at_net.c:757:14:W61_Net_StopServer	208	static
../Middlewares/ST/ST67W6X_Network_Driver/Driver/W61_at/w61_at_net.c:766:14:W61_Net_SendData	232	static
../Middlewares/ST/ST67W6X_Network_Driver/Driver/W61_at/w61_at_net.c:798:14:W61_Net_SendData_Non_Connected	240	static
../Middlewares/ST/ST67W6X_Network_Driver/Driver/W61_at/w61_at_net.c:832:14:W61_Net_SetReceiveBufferLen	224	static
../Middlewares/ST/ST67W6X_Network_Driver/Driver/W61_at/w61_at_net.c:841:14:W61_Net_GetReceiveBufferLen	344	static
../Middlewares/ST/ST67W6X_Network_Driver/Driver/W61_at/w61_at_net.c:865:14:W61_Net_PullDataFromSocket	280	static
../Middlewares/ST/ST67W6X_Network_Driver/Driver/W61_at/w61_at_net.c:909:14:W61_Net_SetServerMaxConnections	208	static
../Middlewares/ST/ST67W6X_Network_Driver/Driver/W61_at/w61_at_net.c:918:14:W61_Net_SNTP_GetConfiguration	352	static
../Middlewares/ST/ST67W6X_Network_Driver/Driver/W61_at/w61_at_net.c:964:14:W61_Net_SNTP_SetConfiguration	232	static
../Middlewares/ST/ST67W6X_Network_Driver/Driver/W61_at/w61_at_net.c:998:14:W61_Net_SNTP_GetTime	72	static
../Middlewares/ST/ST67W6X_Network_Driver/Driver/W61_at/w61_at_net.c:1028:14:W61_Net_SNTP_GetInterval	336	static
../Middlewares/ST/ST67W6X_Network_Driver/Driver/W61_at/w61_at_net.c:1047:14:W61_Net_SNTP_SetInterval	208	static
../Middlewares/ST/ST67W6X_Network_Driver/Driver/W61_at/w61_at_net.c:1056:14:W61_Net_SetTCPOpt	240	static
../Middlewares/ST/ST67W6X_Network_Driver/Driver/W61_at/w61_at_net.c:1067:14:W61_Net_GetSocketInformation	80	static
../Middlewares/ST/ST67W6X_Network_Driver/Driver/W61_at/w61_at_net.c:1099:14:W61_Net_SSL_SetConfiguration	232	static
../Middlewares/ST/ST67W6X_Network_Driver/Driver/W61_at/w61_at_net.c:1122:14:W61_Net_SSL_SetServerName	224	static
../Middlewares/ST/ST67W6X_Network_Driver/Driver/W61_at/w61_at_net.c:1132:14:W61_Net_SSL_SetALPN	296	static
../Middlewares/ST/ST67W6X_Network_Driver/Driver/W61_at/w61_at_net.c:1192:14:W61_Net_SSL_SetPSK	224	static
../Middlewares/ST/ST67W6X_Network_Driver/Driver/W61_at/w61_at_net.c:1204:1:on_cmd_sta_ipaddress	32	static
../Middlewares/ST/ST67W6X_Network_Driver/Driver/W61_at/w61_at_net.c:1217:1:on_cmd_sta_gateway	32	static
../Middlewares/ST/ST67W6X_Network_Driver/Driver/W61_at/w61_at_net.c:1230:1:on_cmd_sta_netmask	32	static
../Middlewares/ST/ST67W6X_Network_Driver/Driver/W61_at/w61_at_net.c:1243:1:on_cmd_ap_ipaddress	32	static
../Middlewares/ST/ST67W6X_Network_Driver/Driver/W61_at/w61_at_net.c:1256:1:on_cmd_ap_netmask	32	static
../Middlewares/ST/ST67W6X_Network_Driver/Driver/W61_at/w61_at_net.c:1269:1:on_cmd_pulldata	48	static
../Middlewares/ST/ST67W6X_Network_Driver/Driver/W61_at/w61_at_net.c:1301:1:on_cmd_time	96	static
../Middlewares/ST/ST67W6X_Network_Driver/Driver/W61_at/w61_at_net.c:1353:1:on_cmd_socket_info	40	static
../Middlewares/ST/ST67W6X_Network_Driver/Driver/W61_at/w61_at_net.c:1372:13:W61_Net_AT_Event	56	static
../Middlewares/ST/ST67W6X_Network_Driver/Driver/W61_at/w61_at_net.c:1402:13:W61_Net_ping_event	40	static
../Middlewares/ST/ST67W6X_Network_Driver/Driver/W61_at/w61_at_net.c:1436:13:W61_Net_data_event	56	static
../Middlewares/ST/ST67W6X_Network_Driver/Driver/W61_at/w61_at_net.c:1469:21:W61_Net_StrToProtocol	16	static
../Middlewares/ST/ST67W6X_Network_Driver/Driver/W61_at/w61_at_net.c:1491:21:W61_Net_ProtocolToStr	16	static
