../Middlewares/ST/ST67W6X_Network_Driver/Driver/W61_at/modem_cmd_handler.h:403:23:modem_cmd_send	40	static
../Middlewares/ST/ST67W6X_Network_Driver/Driver/W61_at/w61_at_sys.c:262:15:W61_ObjGet	4	static
../Middlewares/ST/ST67W6X_Network_Driver/Driver/W61_at/w61_at_sys.c:267:14:W61_RegisterULcb	24	static
../Middlewares/ST/ST67W6X_Network_Driver/Driver/W61_at/w61_at_sys.c:303:14:W61_Init	24	static
../Middlewares/ST/ST67W6X_Network_Driver/Driver/W61_at/w61_at_sys.c:322:14:W61_DeInit	16	static
../Middlewares/ST/ST67W6X_Network_Driver/Driver/W61_at/w61_at_sys.c:332:14:W61_ResetToFactoryDefault	32	static
../Middlewares/ST/ST67W6X_Network_Driver/Driver/W61_at/w61_at_sys.c:368:14:W61_Reset	32	static
../Middlewares/ST/ST67W6X_Network_Driver/Driver/W61_at/w61_at_sys.c:403:14:W61_GetNcpHeapState	344	static
../Middlewares/ST/ST67W6X_Network_Driver/Driver/W61_at/w61_at_sys.c:430:14:W61_GetStoreMode	336	static
../Middlewares/ST/ST67W6X_Network_Driver/Driver/W61_at/w61_at_sys.c:456:14:W61_ReadEFuse	272	static
../Middlewares/ST/ST67W6X_Network_Driver/Driver/W61_at/w61_at_sys.c:494:14:W61_RestoreGPIO	208	static
../Middlewares/ST/ST67W6X_Network_Driver/Driver/W61_at/w61_at_sys.c:503:14:W61_FS_DeleteFile	208	static
../Middlewares/ST/ST67W6X_Network_Driver/Driver/W61_at/w61_at_sys.c:517:14:W61_FS_CreateFile	208	static
../Middlewares/ST/ST67W6X_Network_Driver/Driver/W61_at/w61_at_sys.c:531:14:W61_FS_WriteFile	224	static
../Middlewares/ST/ST67W6X_Network_Driver/Driver/W61_at/w61_at_sys.c:549:14:W61_FS_ReadFile	272	static
../Middlewares/ST/ST67W6X_Network_Driver/Driver/W61_at/w61_at_sys.c:591:14:W61_FS_GetSizeFile	344	static
../Middlewares/ST/ST67W6X_Network_Driver/Driver/W61_at/w61_at_sys.c:623:14:W61_FS_ListFiles	72	static
../Middlewares/ST/ST67W6X_Network_Driver/Driver/W61_at/w61_at_sys.c:662:14:W61_GetModuleInfo	640	static
../Middlewares/ST/ST67W6X_Network_Driver/Driver/W61_at/w61_at_sys.c:998:14:W61_OTA_starts	208	static
../Middlewares/ST/ST67W6X_Network_Driver/Driver/W61_at/w61_at_sys.c:1009:14:W61_OTA_Finish	16	static
../Middlewares/ST/ST67W6X_Network_Driver/Driver/W61_at/w61_at_sys.c:1017:14:W61_OTA_Send	224	static
../Middlewares/ST/ST67W6X_Network_Driver/Driver/W61_at/w61_at_sys.c:1030:14:W61_LowPowerConfig	24	static
../Middlewares/ST/ST67W6X_Network_Driver/Driver/W61_at/w61_at_sys.c:1048:14:W61_SetPowerMode	232	static
../Middlewares/ST/ST67W6X_Network_Driver/Driver/W61_at/w61_at_sys.c:1078:14:W61_GetPowerMode	16	static
../Middlewares/ST/ST67W6X_Network_Driver/Driver/W61_at/w61_at_sys.c:1086:14:W61_SetWakeUpPin	208	static
../Middlewares/ST/ST67W6X_Network_Driver/Driver/W61_at/w61_at_sys.c:1097:14:W61_SetClockSource	224	static
../Middlewares/ST/ST67W6X_Network_Driver/Driver/W61_at/w61_at_sys.c:1144:14:W61_GetClockSource	336	static
../Middlewares/ST/ST67W6X_Network_Driver/Driver/W61_at/w61_at_sys.c:1170:14:W61_ExeATCommand	264	static
../Middlewares/ST/ST67W6X_Network_Driver/Driver/W61_at/w61_at_sys.c:1204:14:W61_GetNetMode	336	static
../Middlewares/ST/ST67W6X_Network_Driver/Driver/W61_at/w61_at_sys.c:1232:1:on_cmd_at_version	32	static
../Middlewares/ST/ST67W6X_Network_Driver/Driver/W61_at/w61_at_sys.c:1249:1:on_cmd_mac_sw_version	32	static
../Middlewares/ST/ST67W6X_Network_Driver/Driver/W61_at/w61_at_sys.c:1265:1:on_cmd_sdk_version	32	static
../Middlewares/ST/ST67W6X_Network_Driver/Driver/W61_at/w61_at_sys.c:1285:1:on_cmd_bt_controller_version	32	static
../Middlewares/ST/ST67W6X_Network_Driver/Driver/W61_at/w61_at_sys.c:1301:1:on_cmd_bt_stack_version	32	static
../Middlewares/ST/ST67W6X_Network_Driver/Driver/W61_at/w61_at_sys.c:1317:1:on_cmd_read_efuse	48	static
../Middlewares/ST/ST67W6X_Network_Driver/Driver/W61_at/w61_at_sys.c:1347:1:on_cmd_fs_listfiles	32	static
../Middlewares/ST/ST67W6X_Network_Driver/Driver/W61_at/w61_at_sys.c:1362:1:on_cmd_fs_readfile	48	static
../Middlewares/ST/ST67W6X_Network_Driver/Driver/W61_at/w61_at_sys.c:1392:1:on_cmd_atcmd	24	static
