../Middlewares/ST/ST67W6X_Network_Driver/Driver/W61_at/w61_at_ble.c:139:14:W61_Ble_Init	216	static
../Middlewares/ST/ST67W6X_Network_Driver/Driver/W61_at/w61_at_ble.c:162:14:W61_Ble_DeInit	16	static
../Middlewares/ST/ST67W6X_Network_Driver/Driver/W61_at/w61_at_ble.c:185:14:W61_Ble_SetRecvDataPtr	24	static
../Middlewares/ST/ST67W6X_Network_Driver/Driver/W61_at/w61_at_ble.c:195:14:W61_Ble_GetInitMode	336	static
../Middlewares/ST/ST67W6X_Network_Driver/Driver/W61_at/w61_at_ble.c:221:14:W61_Ble_SetTxPower	208	static
../Middlewares/ST/ST67W6X_Network_Driver/Driver/W61_at/w61_at_ble.c:232:14:W61_Ble_GetTxPower	336	static
../Middlewares/ST/ST67W6X_Network_Driver/Driver/W61_at/w61_at_ble.c:258:14:W61_Ble_AdvStart	16	static
../Middlewares/ST/ST67W6X_Network_Driver/Driver/W61_at/w61_at_ble.c:266:14:W61_Ble_AdvStop	16	static
../Middlewares/ST/ST67W6X_Network_Driver/Driver/W61_at/w61_at_ble.c:274:14:W61_Ble_Disconnect	208	static
../Middlewares/ST/ST67W6X_Network_Driver/Driver/W61_at/w61_at_ble.c:284:14:W61_Ble_ExchangeMTU	208	static
../Middlewares/ST/ST67W6X_Network_Driver/Driver/W61_at/w61_at_ble.c:294:14:W61_Ble_SetBDAddress	248	static
../Middlewares/ST/ST67W6X_Network_Driver/Driver/W61_at/w61_at_ble.c:308:14:W61_Ble_GetBDAddress	336	static
../Middlewares/ST/ST67W6X_Network_Driver/Driver/W61_at/w61_at_ble.c:335:14:W61_Ble_SetDeviceName	208	static
../Middlewares/ST/ST67W6X_Network_Driver/Driver/W61_at/w61_at_ble.c:346:14:W61_Ble_GetDeviceName	336	static
../Middlewares/ST/ST67W6X_Network_Driver/Driver/W61_at/w61_at_ble.c:379:14:W61_Ble_SetAdvData	208	static
../Middlewares/ST/ST67W6X_Network_Driver/Driver/W61_at/w61_at_ble.c:389:14:W61_Ble_SetScanRespData	208	static
../Middlewares/ST/ST67W6X_Network_Driver/Driver/W61_at/w61_at_ble.c:400:14:W61_Ble_SetAdvParam	232	static
../Middlewares/ST/ST67W6X_Network_Driver/Driver/W61_at/w61_at_ble.c:430:14:W61_Ble_Scan	224	static,ignoring_inline_asm
../Middlewares/ST/ST67W6X_Network_Driver/Driver/W61_at/w61_at_ble.c:472:14:W61_Ble_SetScanParam	232	static
../Middlewares/ST/ST67W6X_Network_Driver/Driver/W61_at/w61_at_ble.c:504:14:W61_Ble_GetScanParam	352	static
../Middlewares/ST/ST67W6X_Network_Driver/Driver/W61_at/w61_at_ble.c:540:14:W61_Ble_GetAdvParam	352	static
../Middlewares/ST/ST67W6X_Network_Driver/Driver/W61_at/w61_at_ble.c:575:14:W61_Ble_SetConnParam	232	static
../Middlewares/ST/ST67W6X_Network_Driver/Driver/W61_at/w61_at_ble.c:599:14:W61_Ble_GetConnParam	352	static
../Middlewares/ST/ST67W6X_Network_Driver/Driver/W61_at/w61_at_ble.c:637:14:W61_Ble_GetConn	344	static
../Middlewares/ST/ST67W6X_Network_Driver/Driver/W61_at/w61_at_ble.c:667:14:W61_Ble_Connect	256	static
../Middlewares/ST/ST67W6X_Network_Driver/Driver/W61_at/w61_at_ble.c:681:14:W61_Ble_SetDataLength	224	static
../Middlewares/ST/ST67W6X_Network_Driver/Driver/W61_at/w61_at_ble.c:698:14:W61_Ble_CreateService	224	static
../Middlewares/ST/ST67W6X_Network_Driver/Driver/W61_at/w61_at_ble.c:716:14:W61_Ble_DeleteService	208	static
../Middlewares/ST/ST67W6X_Network_Driver/Driver/W61_at/w61_at_ble.c:727:14:W61_Ble_GetService	88	static
../Middlewares/ST/ST67W6X_Network_Driver/Driver/W61_at/w61_at_ble.c:761:14:W61_Ble_CreateCharacteristic	248	static
../Middlewares/ST/ST67W6X_Network_Driver/Driver/W61_at/w61_at_ble.c:791:14:W61_Ble_GetCharacteristic	88	static
../Middlewares/ST/ST67W6X_Network_Driver/Driver/W61_at/w61_at_ble.c:827:14:W61_Ble_RegisterCharacteristics	16	static
../Middlewares/ST/ST67W6X_Network_Driver/Driver/W61_at/w61_at_ble.c:835:14:W61_Ble_ServerSendNotification	232	static
../Middlewares/ST/ST67W6X_Network_Driver/Driver/W61_at/w61_at_ble.c:873:14:W61_Ble_ServerSendIndication	232	static
../Middlewares/ST/ST67W6X_Network_Driver/Driver/W61_at/w61_at_ble.c:911:14:W61_Ble_ServerSetReadData	232	static
../Middlewares/ST/ST67W6X_Network_Driver/Driver/W61_at/w61_at_ble.c:953:14:W61_Ble_RemoteServiceDiscovery	208	static
../Middlewares/ST/ST67W6X_Network_Driver/Driver/W61_at/w61_at_ble.c:965:14:W61_Ble_RemoteCharDiscovery	216	static
../Middlewares/ST/ST67W6X_Network_Driver/Driver/W61_at/w61_at_ble.c:978:14:W61_Ble_ClientWriteData	240	static
../Middlewares/ST/ST67W6X_Network_Driver/Driver/W61_at/w61_at_ble.c:1018:14:W61_Ble_ClientReadData	216	static
../Middlewares/ST/ST67W6X_Network_Driver/Driver/W61_at/w61_at_ble.c:1034:14:W61_Ble_ClientSubscribeChar	240	static
../Middlewares/ST/ST67W6X_Network_Driver/Driver/W61_at/w61_at_ble.c:1051:14:W61_Ble_ClientUnsubscribeChar	216	static
../Middlewares/ST/ST67W6X_Network_Driver/Driver/W61_at/w61_at_ble.c:1065:14:W61_Ble_SetSecurityParam	208	static
../Middlewares/ST/ST67W6X_Network_Driver/Driver/W61_at/w61_at_ble.c:1081:14:W61_Ble_GetSecurityParam	336	static
../Middlewares/ST/ST67W6X_Network_Driver/Driver/W61_at/w61_at_ble.c:1108:14:W61_Ble_SecurityStart	216	static
../Middlewares/ST/ST67W6X_Network_Driver/Driver/W61_at/w61_at_ble.c:1125:14:W61_Ble_SecurityPassKeyConfirm	208	static
../Middlewares/ST/ST67W6X_Network_Driver/Driver/W61_at/w61_at_ble.c:1137:14:W61_Ble_SecurityPairingConfirm	208	static
../Middlewares/ST/ST67W6X_Network_Driver/Driver/W61_at/w61_at_ble.c:1149:14:W61_Ble_SecuritySetPassKey	224	static
../Middlewares/ST/ST67W6X_Network_Driver/Driver/W61_at/w61_at_ble.c:1162:14:W61_Ble_SecurityPairingCancel	208	static
../Middlewares/ST/ST67W6X_Network_Driver/Driver/W61_at/w61_at_ble.c:1173:14:W61_Ble_SecurityUnpair	256	static
../Middlewares/ST/ST67W6X_Network_Driver/Driver/W61_at/w61_at_ble.c:1192:14:W61_Ble_SecurityGetBondedDeviceList	72	static
../Middlewares/ST/ST67W6X_Network_Driver/Driver/W61_at/w61_at_ble.c:1225:1:on_cmd_service	40	static
../Middlewares/ST/ST67W6X_Network_Driver/Driver/W61_at/w61_at_ble.c:1247:1:on_cmd_charac	40	static
../Middlewares/ST/ST67W6X_Network_Driver/Driver/W61_at/w61_at_ble.c:1272:1:on_cmd_bonded	96	static
../Middlewares/ST/ST67W6X_Network_Driver/Driver/W61_at/w61_at_ble.c:1319:13:W61_Ble_AT_Event	560	static,ignoring_inline_asm
../Middlewares/ST/ST67W6X_Network_Driver/Driver/W61_at/w61_at_ble.c:1954:16:W61_Ble_Data_Event	216	static
../Middlewares/ST/ST67W6X_Network_Driver/Driver/W61_at/w61_at_ble.c:2035:13:hexStringToByteArray	40	static
../Middlewares/ST/ST67W6X_Network_Driver/Driver/W61_at/w61_at_ble.c:2044:13:W61_Ble_AnalyzeAdvData	56	static
