../ST67W6X/Target/spi_port.c:79:7:spi_port_memcpy	40	static
../ST67W6X/Target/spi_port.c:121:9:spi_port_init	16	static
../ST67W6X/Target/spi_port.c:143:9:spi_port_deinit	8	static
../ST67W6X/Target/spi_port.c:162:9:spi_port_transfer	72	static,ignoring_inline_asm
../ST67W6X/Target/spi_port.c:195:9:spi_port_transfer_dma	64	static,ignoring_inline_asm
../ST67W6X/Target/spi_port.c:228:9:spi_port_is_ready	8	static
../ST67W6X/Target/spi_port.c:240:9:spi_port_set_cs	16	static
../ST67W6X/Target/spi_port.c:270:6:HAL_SPI_TxCpltCallback	16	static
../ST67W6X/Target/spi_port.c:281:6:HAL_SPI_RxCpltCallback	16	static
../ST67W6X/Target/spi_port.c:292:6:HAL_SPI_TxRxCpltCallback	16	static
